[15:00:38] token 剩余 -1320 min
[15:00:38] accessToken 过期，尝试 refresh…
[15:00:38] refresh OK，新 token 有效 7200s
[15:00:48] screen 第1页: 300 条
[15:00:49] screen 第2页: 300 条
[15:00:50] screen 第3页: 300 条
[15:00:50] screen 第4页: 300 条
[15:00:50] 热门榜合并: 500 只
[15:00:50] 过滤后 420 只 (剔除: {'price>500': 31, '中概': 21, 'ADR': 28})
[15:02:16]   RSI 100/420 | 86s
[15:03:07]   RSI 150/420 | 137s
[15:05:24]   RSI 300/420 | 274s
[15:06:15]   RSI 350/420 | 325s
[15:07:21] RSI 完成 204 ok / 216 fail (390s)
[15:07:21] 失败重试…
[15:09:33] 重试后仍失败 142: BLTE,ANET,WDC,PATH,PL,FCX,TTD,MP,LVMUY,DIS,UNH,PFE,LRCX,FIG,PG,MXL,PYPL,SFTBY,TTMI,QNT,FIGR,IONQ,SMMT,NVS,NET,OKTA,CME,SIMO,BA,DASH,CL,GME,HPQ,SBUX,FORM,DAL,AAL,MDT,JOBY,PM,BKR,F,SYM,XOM,ICE,JNJ,EXC,HUT,CAMT,GSK,MAR,CYTK,GE,WFC,DPZ,VIST,MNST,ALNY,EL,ADM,HMC,FRVO,AMKBY,MTZ,SNY,GM,INCY,COKE,CAKE,BG,FE,FLEX,NRG,CF,AS,XYZ,TLN,PMRTY,CORZ,TWST,GLNCY,WPM,HII,CGNX,GIS,KMX,KKR,CPB,IBKR,HAL,INIO,EXE,MAS,CLF,EQT,EOG,GAP,GEHC,WBD,RELY,CNM,FERG,VLVLY,NTRA,BACHY,CSUAY,ASND,MTSI,MFC,LSCC,UBS,EBAY,CVS,CRUS,UPS,HSY,SQM,MUR,PFG,HTHT,EMN,CDNS,QLYS,AU,BNY,GELHY,AUGO,TTAN,TU,BAM,MMYT,JCI,MBGL,MRSH,FISV,BESIY,ABVX,MTLHY,SN,BGC,CRBG,YAHOY
[15:09:33] 结果已存: rsi14_hot_20260906.json/csv (278 行)
[15:10:00]   plate 50/278
[15:10:33]   plate 100/278
[15:11:01]   plate 150/278
[15:11:33]   plate 200/278
