[15:00:19] token 剩余 -1320 min
[15:00:19] accessToken 过期，尝试 refresh…
[15:00:19] refresh OK，新 token 有效 7200s
[15:00:30] screen 第1页: 300 条
[15:00:31] screen 第2页: 300 条
[15:00:32] screen 第3页: 300 条
[15:00:32] screen 第4页: 300 条
[15:00:32] 热门榜合并: 500 只
[15:00:32] 过滤后 405 只 (剔除: {'price>500': 33, '中概': 23, 'ADR': 39})
[15:01:07]   RSI 50/405 | 35s
[15:04:13]   RSI 250/405 | 220s
[15:05:02]   RSI 300/405 | 269s
[15:06:30] RSI 完成 210 ok / 195 fail (358s)
[15:06:30] 失败重试…
[15:08:31] 重试后仍失败 135: IONQ,RGTI,SMCI,MRNA,COIN,VST,MCD,AMAT,RBLX,LRCX,TTWO,APLD,HIMS,WMT,BA,PANW,SOFI,PFE,MP,AMKR,BSX,TTMI,PATH,KLAC,GFS,ANET,JPM,GME,HWM,CIFR,CF,NEM,ROIV,QNT,TER,INTU,BAC,GE,V,DUOL,JNJ,WULF,CORZ,MDB,PM,ACN,BLSH,FPS,DOCN,CME,BMY,GLXY,AZN,EIX,VG,IONS,TECK,ECHO,CHWY,AEP,CHYM,M,TWLO,NEE,PEP,MDT,FRO,DASH,IOT,ADSK,SAP,CLF,NTDOY,FIS,PAYP,SYM,ALNY,NAVN,IFNNY,DOW,SLB,AAON,VSXY,HBM,RBRK,YUMC,HLT,FNMA,FDS,ROK,BWXT,UEC,QXO,VWAGY,MMM,DKS,DG,CRSP,ABT,NTRA,HUBS,NVT,CELH,AMKBY,MCO,OWL,KEYS,AUOTY,RYCEY,VIAV,AG,POWL,RNG,ATI,DT,MTSI,SANM,SHEL,SU,HONA,MTCH,SCHW,ARCC,AGX,HII,JAZZ,SWK,CGNX,EXC,CAMT,POOL,INSM,OTEX,CNC,DXCM
[15:08:31] 结果已存: rsi14_hot_20260909.json/csv (270 行)
[15:08:59]   plate 50/270
[15:09:36]   plate 100/270
[15:10:01]   plate 150/270
[15:10:35]   plate 200/270
[15:11:00]   plate 250/270
[15:11:15] 板块归并完成，其他=85
[15:11:15] HTML 已生成: hot_rsi_eval_20260909.html + hot_rsi_latest.html
[15:11:15] git commit OK
[15:11:15] ALL DONE n=270 (fail 135), 中位RSI=48.8, 超卖<30:9, 超买>=70:7, 耗时11min, 报告: reports/hot_rsi_eval_20260909.html
