切片 16 个：主口径
pass1 ret_th=8% ...
校准阈值：全切片|区间涨跌| 75分位 = 9.89% → 冻结 ret_th=9.9%
pass2 校准阈值重跑 ...
bootstrap 500 随机等长窗口 ...
slice_id      start        end  length  ongoing  独立强势数  独立弱势数  独立合计  基线均值  p_value
     S01 1999-05-13 2000-10-25     369    False      1      2     3  2.78    0.603
     S02 2004-03-01 2004-12-20     205    False      1      0     1  2.20    0.872
     S03 2005-02-16 2006-07-13     354    False      2      0     2  2.74    0.892
     S04 2007-07-27 2008-01-31     130    False      0      0     0  1.50    1.000
     S05 2009-11-23 2010-06-09     136    False      0      0     0  1.60    1.000
     S06 2011-03-16 2011-08-15     106    False      0      1     1  1.29    0.707
     S07 2012-04-09 2012-12-31     184    False      0      0     0  2.13    1.000
     S08 2013-05-30 2013-10-16      98    False      0      0     0  1.17    1.000
     S09 2014-01-10 2014-05-29      96    False      0      0     0  1.11    1.000
     S10 2014-07-17 2016-01-29     388    False      2      1     3  2.83    0.645
     S11 2016-05-16 2016-11-08     124    False      0      0     0  1.45    1.000
     S12 2018-01-22 2018-09-21     170    False      0      0     0  1.95    1.000
     S13 2019-04-30 2019-10-31     130    False      0      1     1  1.44    0.752
     S14 2021-09-30 2022-05-17     159    False      3      0     3  1.89    0.301
     S15 2022-11-25 2023-05-31     128    False      1      1     2  1.50    0.485
     S16 2025-10-09 2026-04-15     129    False      1      0     1  1.56    0.782

written: C:\Users\Administrator\Desktop\stock\scripts\..\results\sector_independence_scan.csv + scan_slices.json
