OK   2359.HK -> C:\Users\Administrator\Desktop\stock\data\2359.hk\2359.HK, W.csv  (404 rows, 2018-12-09~2026-08-27)
OK   603259.SS -> C:\Users\Administrator\Desktop\stock\data\603259.ss\603259.SS, W.csv  (434 rows, 2018-05-06~2026-08-27)
OK   A -> C:\Users\Administrator\Desktop\stock\data\a\A, W.csv  (322 rows, 1999-12-01~2026-08-26)
OK   AAPL -> C:\Users\Administrator\Desktop\stock\data\aapl\aapl, W.csv  (168 rows, 1984-12-01~2026-08-26)
OK   ABBV -> C:\Users\Administrator\Desktop\stock\data\abbv\ABBV, W.csv  (164 rows, 2013-02-01~2026-08-26)
OK   AFRM -> C:\Users\Administrator\Desktop\stock\data\afrm\afrm, W.csv  (295 rows, 2021-01-11~2026-08-26)
OK   ALNY -> C:\Users\Administrator\Desktop\stock\data\alny\ALNY, W.csv  (268 rows, 2004-06-01~2026-08-26)
OK   AMGN -> C:\Users\Administrator\Desktop\stock\data\amgn\AMGN, W.csv  (168 rows, 1984-12-01~2026-08-26)
OK   AMZN -> C:\Users\Administrator\Desktop\stock\data\amzn\amzn, W.csv  (352 rows, 1997-06-01~2026-08-26)
OK   APO -> C:\Users\Administrator\Desktop\stock\data\apo\APO, W.csv  (186 rows, 2011-04-01~2026-08-26)
OK   ARGX -> C:\Users\Administrator\Desktop\stock\data\argx\ARGX, W.csv  (486 rows, 2017-05-15~2026-08-26)
OK   AXP -> C:\Users\Administrator\Desktop\stock\data\axp\axp, W.csv  (168 rows, 1984-12-01~2026-08-26)
OK   BA -> C:\Users\Administrator\Desktop\stock\data\ba\ba, W.csv  (168 rows, 1985-01-01~2026-08-26)
OK   BAC -> C:\Users\Administrator\Desktop\stock\data\bac\BAC, W.csv  (169 rows, 1984-11-01~2026-08-26)
OK   BIIB -> C:\Users\Administrator\Desktop\stock\data\biib\BIIB, W.csv  (420 rows, 1991-10-01~2026-08-26)
OK   BLK -> C:\Users\Administrator\Desktop\stock\data\blk\BLK, W.csv  (324 rows, 1999-10-01~2026-08-26)
OK   BRK-B -> C:\Users\Administrator\Desktop\stock\data\brk.b\brk.b, W.csv  (364 rows, 1996-06-01~2026-08-26)
OK   BUG -> C:\Users\Administrator\Desktop\stock\data\bug\BUG, W.csv  (358 rows, 2019-10-28~2026-08-26)
OK   BX -> C:\Users\Administrator\Desktop\stock\data\bx\BX, W.csv  (231 rows, 2007-07-01~2026-08-26)
OK   CAT -> C:\Users\Administrator\Desktop\stock\data\cat\cat, W.csv  (168 rows, 1985-01-01~2026-08-26)
OK   CEG -> C:\Users\Administrator\Desktop\stock\data\ceg\CEG, W.csv  (242 rows, 2022-01-17~2026-08-26)
OK   CNP -> C:\Users\Administrator\Desktop\stock\data\cnp\CNP, W.csv  (168 rows, 1985-01-01~2026-08-26)
OK   CRM -> C:\Users\Administrator\Desktop\stock\data\crm\crm, W.csv  (267 rows, 2004-07-01~2026-08-26)
OK   CRWD -> C:\Users\Administrator\Desktop\stock\data\crwd\CRWD, W.csv  (378 rows, 2019-06-10~2026-08-26)
OK   CSCO -> C:\Users\Administrator\Desktop\stock\data\csco\csco, W.csv  (439 rows, 1990-03-01~2026-08-26)
OK   CVX -> C:\Users\Administrator\Desktop\stock\data\cvx\cvx, W.csv  (168 rows, 1985-01-01~2026-08-26)
OK   DHR -> C:\Users\Administrator\Desktop\stock\data\dhr\DHR, W.csv  (192 rows, 1978-12-01~2026-08-26)
OK   DIS -> C:\Users\Administrator\Desktop\stock\data\dis\dis, W.csv  (168 rows, 1985-01-01~2026-08-26)
OK   ^DJI -> C:\Users\Administrator\Desktop\stock\data\dji\dji, W.csv  (416 rows, 1992-02-01~2026-08-26)
OK   ETR -> C:\Users\Administrator\Desktop\stock\data\etr\ETR, W.csv  (218 rows, 1972-06-01~2026-08-26)
OK   GE -> C:\Users\Administrator\Desktop\stock\data\ge\ge, W.csv  (260 rows, 1962-01-01~2026-08-26)
OK   GILD -> C:\Users\Administrator\Desktop\stock\data\gild\GILD, W.csv  (416 rows, 1992-02-01~2026-08-26)
OK   GS -> C:\Users\Administrator\Desktop\stock\data\gs\gs, W.csv  (328 rows, 1999-06-01~2026-08-26)
OK   HD -> C:\Users\Administrator\Desktop\stock\data\hd\hd, W.csv  (168 rows, 1984-12-01~2026-08-26)
OK   HON -> C:\Users\Administrator\Desktop\stock\data\hon\hon, W.csv  (260 rows, 1962-01-01~2026-08-26)
OK   IBB -> C:\Users\Administrator\Desktop\stock\data\ibb\IBB, W.csv  (307 rows, 2001-03-01~2026-08-26)
OK   IBM -> C:\Users\Administrator\Desktop\stock\data\ibm\ibm, W.csv  (260 rows, 1962-01-01~2026-08-26)
OK   IHI -> C:\Users\Administrator\Desktop\stock\data\ihi\IHI, W.csv  (244 rows, 2006-06-01~2026-08-26)
OK   ILMN -> C:\Users\Administrator\Desktop\stock\data\ilmn\ILMN, W.csv  (314 rows, 2000-08-01~2026-08-26)
OK   JNJ -> C:\Users\Administrator\Desktop\stock\data\jnj\JNJ, W.csv  (168 rows, 1985-01-01~2026-08-26)
OK   JPM -> C:\Users\Administrator\Desktop\stock\data\jpm\jpm, W.csv  (168 rows, 1984-12-01~2026-08-26)
OK   KBWB -> C:\Users\Administrator\Desktop\stock\data\kbwb\KBWB, W.csv  (179 rows, 2011-11-01~2026-08-26)
OK   KIE -> C:\Users\Administrator\Desktop\stock\data\kie\kie, W.csv  (250 rows, 2005-12-01~2026-08-26)
OK   KKR -> C:\Users\Administrator\Desktop\stock\data\kkr\KKR, W.csv  (194 rows, 2010-08-01~2026-08-26)
OK   KO -> C:\Users\Administrator\Desktop\stock\data\ko\ko, W.csv  (168 rows, 1985-01-01~2026-08-26)
OK   KRE -> C:\Users\Administrator\Desktop\stock\data\kre\kre, W.csv  (243 rows, 2006-07-01~2026-08-26)
OK   LLY -> C:\Users\Administrator\Desktop\stock\data\lly\LLY, W.csv  (168 rows, 1984-12-01~2026-08-26)
OK   LNT -> C:\Users\Administrator\Desktop\stock\data\lnt\LNT, W.csv  (169 rows, 1984-11-01~2026-08-26)
OK   MA -> C:\Users\Administrator\Desktop\stock\data\ma\ma, W.csv  (244 rows, 2006-06-01~2026-08-26)
OK   MCD -> C:\Users\Administrator\Desktop\stock\data\mcd\mcd, W.csv  (168 rows, 1985-01-01~2026-08-26)
OK   MMM -> C:\Users\Administrator\Desktop\stock\data\mmm\mmm, W.csv  (260 rows, 1962-01-01~2026-08-26)
OK   MO -> C:\Users\Administrator\Desktop\stock\data\mo\mo, W.csv  (168 rows, 1985-01-01~2026-08-26)
OK   MRK -> C:\Users\Administrator\Desktop\stock\data\mrk\MRK, W.csv  (168 rows, 1985-01-01~2026-08-26)
OK   MS -> C:\Users\Administrator\Desktop\stock\data\ms\ms, W.csv  (403 rows, 1993-03-01~2026-08-26)
OK   MSFT -> C:\Users\Administrator\Desktop\stock\data\msft\msft, W.csv  (163 rows, 1986-03-01~2026-08-26)
OK   NEE -> C:\Users\Administrator\Desktop\stock\data\nee\NEE, W.csv  (169 rows, 1984-11-01~2026-08-26)
OK   NKE -> C:\Users\Administrator\Desktop\stock\data\nke\nke, W.csv  (168 rows, 1984-12-01~2026-08-26)
OK   NRG -> C:\Users\Administrator\Desktop\stock\data\nrg\NRG, W.csv  (273 rows, 2004-01-01~2026-08-26)
OK   NTRA -> C:\Users\Administrator\Desktop\stock\data\ntra\NTRA, W.csv  (135 rows, 2015-07-01~2026-08-26)
OK   NVDA -> C:\Users\Administrator\Desktop\stock\data\nvda\nvda, W.csv  (332 rows, 1999-02-01~2026-08-26)
OK   PANW -> C:\Users\Administrator\Desktop\stock\data\panw\PANW, W.csv  (170 rows, 2012-08-01~2026-08-26)
OK   PEP -> C:\Users\Administrator\Desktop\stock\data\pep\PEP, W.csv  (168 rows, 1984-12-01~2026-08-26)
OK   PG -> C:\Users\Administrator\Desktop\stock\data\pg\pg, W.csv  (168 rows, 1985-01-01~2026-08-26)
OK   PM -> C:\Users\Administrator\Desktop\stock\data\pm\pm, W.csv  (222 rows, 2008-04-01~2026-08-26)
OK   QQQ -> C:\Users\Administrator\Desktop\stock\data\qqq\QQQ, W.csv  (330 rows, 1999-04-01~2026-08-26)
OK   REGN -> C:\Users\Administrator\Desktop\stock\data\regn\REGN, W.csv  (425 rows, 1991-05-01~2026-08-26)
OK   RVMD -> C:\Users\Administrator\Desktop\stock\data\rvmd\RVMD, W.csv  (343 rows, 2020-02-10~2026-08-26)
OK   SBUX -> C:\Users\Administrator\Desktop\stock\data\sbux\SBUX, W.csv  (411 rows, 1992-07-01~2026-08-26)
OK   SHW -> C:\Users\Administrator\Desktop\stock\data\shw\shw, W.csv  (168 rows, 1984-12-01~2026-08-26)
OK   SOFI -> C:\Users\Administrator\Desktop\stock\data\sofi\sofi, W.csv  (296 rows, 2021-01-04~2026-08-26)
OK   SOXX -> C:\Users\Administrator\Desktop\stock\data\soxx\SOXX, W.csv  (302 rows, 2001-08-01~2026-08-26)
OK   SPY -> C:\Users\Administrator\Desktop\stock\data\spy\SPY, W.csv  (404 rows, 1993-02-01~2026-08-26)
OK   SRE -> C:\Users\Administrator\Desktop\stock\data\sre\SRE, W.csv  (339 rows, 1998-07-01~2026-08-26)
OK   TLN -> C:\Users\Administrator\Desktop\stock\data\tln\TLN, W.csv  (171 rows, 2023-05-29~2026-08-26)
OK   TMO -> C:\Users\Administrator\Desktop\stock\data\tmo\TMO, W.csv  (168 rows, 1984-12-01~2026-08-26)
OK   TROW -> C:\Users\Administrator\Desktop\stock\data\trow\TROW, W.csv  (163 rows, 1986-04-01~2026-08-26)
OK   TRV -> C:\Users\Administrator\Desktop\stock\data\trv\trv, W.csv  (169 rows, 1984-11-01~2026-08-26)
OK   UNH -> C:\Users\Administrator\Desktop\stock\data\unh\unh, W.csv  (168 rows, 1985-01-01~2026-08-26)
OK   UTES -> C:\Users\Administrator\Desktop\stock\data\utes\UTES, W.csv  (132 rows, 2015-10-01~2026-08-26)
OK   V -> C:\Users\Administrator\Desktop\stock\data\v\v, W.csv  (222 rows, 2008-04-01~2026-08-26)
OK   ^VIX -> C:\Users\Administrator\Desktop\stock\data\vix\VIX, W.csv  (440 rows, 1990-02-01~2026-08-26)
OK   VRTX -> C:\Users\Administrator\Desktop\stock\data\vrtx\VRTX, W.csv  (422 rows, 1991-08-01~2026-08-26)
OK   VST -> C:\Users\Administrator\Desktop\stock\data\vst\VST, W.csv  (119 rows, 2016-11-01~2026-08-26)
OK   VZ -> C:\Users\Administrator\Desktop\stock\data\vz\vz, W.csv  (169 rows, 1984-11-01~2026-08-26)
OK   WAT -> C:\Users\Administrator\Desktop\stock\data\wat\WAT, W.csv  (370 rows, 1995-12-01~2026-08-26)
OK   WMT -> C:\Users\Administrator\Desktop\stock\data\wmt\wmt, W.csv  (218 rows, 1972-08-01~2026-08-26)
OK   XBI -> C:\Users\Administrator\Desktop\stock\data\xbi\XBI, W.csv  (247 rows, 2006-03-01~2026-08-26)
OK   XEL -> C:\Users\Administrator\Desktop\stock\data\xel\XEL, W.csv  (169 rows, 1984-11-01~2026-08-26)
OK   XLB -> C:\Users\Administrator\Desktop\stock\data\xlb\xlb, W.csv  (333 rows, 1999-01-01~2026-08-26)
OK   XLC -> C:\Users\Administrator\Desktop\stock\data\xlc\xlc, W.csv  (429 rows, 2018-06-18~2026-08-26)
OK   XLE -> C:\Users\Administrator\Desktop\stock\data\xle\xle, W.csv  (333 rows, 1999-01-01~2026-08-26)
OK   XLF -> C:\Users\Administrator\Desktop\stock\data\xlf\xlf, W.csv  (333 rows, 1999-01-01~2026-08-26)
OK   XLI -> C:\Users\Administrator\Desktop\stock\data\xli\xli, W.csv  (333 rows, 1999-01-01~2026-08-26)
OK   XLK -> C:\Users\Administrator\Desktop\stock\data\xlk\xlk, W.csv  (333 rows, 1999-01-01~2026-08-26)
OK   XLP -> C:\Users\Administrator\Desktop\stock\data\xlp\xlp, W.csv  (333 rows, 1999-01-01~2026-08-26)
OK   XLRE -> C:\Users\Administrator\Desktop\stock\data\xlre\XLRE, W.csv  (131 rows, 2015-11-01~2026-08-26)
OK   XLU -> C:\Users\Administrator\Desktop\stock\data\xlu\XLU, W.csv  (333 rows, 1999-01-01~2026-08-26)
OK   XLV -> C:\Users\Administrator\Desktop\stock\data\xlv\XLV, W.csv  (333 rows, 1999-01-01~2026-08-26)
OK   XLY -> C:\Users\Administrator\Desktop\stock\data\xly\xly, W.csv  (333 rows, 1999-01-01~2026-08-26)
OK   XOM -> C:\Users\Administrator\Desktop\stock\data\xom\xom, W.csv  (168 rows, 1985-01-01~2026-08-26)
OK   XPH -> C:\Users\Administrator\Desktop\stock\data\xph\XPH, W.csv  (243 rows, 2006-07-01~2026-08-26)
OK   XYZ -> C:\Users\Administrator\Desktop\stock\data\xyz\xyz, W.csv  (130 rows, 2015-12-01~2026-08-26)

DONE ok=102 fail=0
